Put any content here


CarlosVep@JoseCarlosVP MINGW64 /d/Documentos/Python_Projects/Bootcamp/Sprint3/Proyecto (master)

$ git init

Initialized empty Git repository in D:/Documentos/Python_Projects/Bootcamp/Sprint3/Proyecto/.git/

CarlosVep@JoseCarlosVP MINGW64 /d/Documentos/Python_Projects/Bootcamp/Sprint3/Proyecto (master)
$ git status
On branch master

No commits yet

Untracked files:
  (use "git add <file>..." to include in what will be committed)
        Proyecto_S3.ipynb

nothing added to commit but untracked files present (use "git add" to track)

CarlosVep@JoseCarlosVP MINGW64 /d/Documentos/Python_Projects/Bootcamp/Sprint3/Proyecto (master)
$ git add .
warning: in the working copy of 'Proyecto_S3.ipynb', LF will be replaced by CRLF the next time Git touches it

CarlosVep@JoseCarlosVP MINGW64 /d/Documentos/Python_Projects/Bootcamp/Sprint3/Proyecto (master)
$ git status
On branch master

No commits yet

Changes to be committed:
  (use "git rm --cached <file>..." to unstage)
        new file:   Proyecto_S3.ipynb


CarlosVep@JoseCarlosVP MINGW64 /d/Documentos/Python_Projects/Bootcamp/Sprint3/Proyecto (master)
$ git commit -m
error: switch `m' requires a value

CarlosVep@JoseCarlosVP MINGW64 /d/Documentos/Python_Projects/Bootcamp/Sprint3/Proyecto (master)
$ git commit -m "primer commit"
Author identity unknown

*** Please tell me who you are.

Run

  git config --global user.email "you@example.com"
  git config --global user.name "Your Name"

to set your account's default identity.
Omit --global to set the identity only in this repository.

fatal: unable to auto-detect email address (got 'CarlosVep@JoseCarlosVP.(none)')

CarlosVep@JoseCarlosVP MINGW64 /d/Documentos/Python_Projects/Bootcamp/Sprint3/Proyecto (master)
$ git config --global user.name "Carlos"

CarlosVep@JoseCarlosVP MINGW64 /d/Documentos/Python_Projects/Bootcamp/Sprint3/Proyecto (master)
$ git config --global user.email "carlos.pazaran@outlook.com"

CarlosVep@JoseCarlosVP MINGW64 /d/Documentos/Python_Projects/Bootcamp/Sprint3/Proyecto (master)
$ git commit -m "primer commit"
[master (root-commit) d657545] primer commit
 1 file changed, 7266 insertions(+)
 create mode 100644 Proyecto_S3.ipynb

CarlosVep@JoseCarlosVP MINGW64 /d/Documentos/Python_Projects/Bootcamp/Sprint3/Proyecto (master)
$ git remote add origin https://github.com/Car27VeP/analisis_exploratorio_productos_supermercado.git

CarlosVep@JoseCarlosVP MINGW64 /d/Documentos/Python_Projects/Bootcamp/Sprint3/Proyecto (master)
$ git push
fatal: The current branch master has no upstream branch.
To push the current branch and set the remote as upstream, use

    git push --set-upstream origin master

To have this happen automatically for branches without a tracking
upstream, see 'push.autoSetupRemote' in 'git help config'.


CarlosVep@JoseCarlosVP MINGW64 /d/Documentos/Python_Projects/Bootcamp/Sprint3/Proyecto (master)
$ git push --set-upstream origin master
info: please complete authentication in your browser...
Enumerating objects: 3, done.
Counting objects: 100% (3/3), done.
Delta compression using up to 16 threads
Compressing objects: 100% (2/2), done.
Writing objects: 100% (3/3), 151.61 KiB | 2.41 MiB/s, done.
Total 3 (delta 0), reused 0 (delta 0), pack-reused 0
To https://github.com/Car27VeP/analisis_exploratorio_productos_supermercado.git
 * [new branch]      master -> master
branch 'master' set up to track 'origin/master'.